Info: Starting: Create HDL design files for synthesis
Info: qsys-generate C:\Users\ben\Documents\GitHub\KPCDASS2017\adc_test.qsys --synthesis=VERILOG --output-directory=C:\Users\ben\Documents\GitHub\KPCDASS2017\V\adc_test\synthesis --family="MAX 10" --part=10M50DAF484C6GES
Progress: Loading KPCDASS2017/adc_test.qsys
Progress: Reading input file
Progress: Adding modular_dual_adc_0 [altera_modular_dual_adc 16.1]
Progress: Parameterizing module modular_dual_adc_0
Progress: Building connections
Progress: Parameterizing connections
Progress: Validating
Progress: Done reading input file
Info: adc_test: Generating adc_test "adc_test" for QUARTUS_SYNTH
Info: modular_dual_adc_0: "adc_test" instantiated altera_modular_dual_adc "modular_dual_adc_0"
Info: control_internal: "modular_dual_adc_0" instantiated altera_modular_adc_control "control_internal"
Info: sequencer_internal: "modular_dual_adc_0" instantiated altera_modular_adc_sequencer "sequencer_internal"
Info: sample_store_internal: "modular_dual_adc_0" instantiated altera_modular_adc_sample_store "sample_store_internal"
Info: conduit_splitter_internal: "modular_dual_adc_0" instantiated altera_modular_adc_conduit_splitter "conduit_splitter_internal"
Info: dual_sync_internal: "modular_dual_adc_0" instantiated altera_modular_adc_dual_sync "dual_sync_internal"
Info: response_merge_internal: "modular_dual_adc_0" instantiated altera_modular_adc_response_merge "response_merge_internal"
Info: adc_test: Done "adc_test" with 8 modules, 17 files
Info: qsys-generate succeeded.
Info: Finished: Create HDL design files for synthesis
