------------------------------------------------------------
TimeQuest Timing Analyzer Summary
------------------------------------------------------------

Type  : Slow 1200mV 85C Model Setup 'madc|u0|altpll_sys|sd1|pll7|clk[0]'
Slack : -13.024
TNS   : -82.307

Type  : Slow 1200mV 85C Model Setup 'pll|altpll_component|auto_generated|pll1|clk[0]'
Slack : -7.335
TNS   : -241.013

Type  : Slow 1200mV 85C Model Setup 'MAX10_CLK1_50'
Slack : 14.759
TNS   : 0.000

Type  : Slow 1200mV 85C Model Setup 'MAX10_CLK2_50'
Slack : 15.444
TNS   : 0.000

Type  : Slow 1200mV 85C Model Setup 'PP|altpll_component|auto_generated|pll1|clk[0]'
Slack : 25.772
TNS   : 0.000

Type  : Slow 1200mV 85C Model Setup 'altera_reserved_tck'
Slack : 45.360
TNS   : 0.000

Type  : Slow 1200mV 85C Model Hold 'altera_reserved_tck'
Slack : 0.280
TNS   : 0.000

Type  : Slow 1200mV 85C Model Hold 'pll|altpll_component|auto_generated|pll1|clk[0]'
Slack : 0.331
TNS   : 0.000

Type  : Slow 1200mV 85C Model Hold 'PP|altpll_component|auto_generated|pll1|clk[0]'
Slack : 0.343
TNS   : 0.000

Type  : Slow 1200mV 85C Model Hold 'madc|u0|altpll_sys|sd1|pll7|clk[0]'
Slack : 0.347
TNS   : 0.000

Type  : Slow 1200mV 85C Model Hold 'MAX10_CLK1_50'
Slack : 0.637
TNS   : 0.000

Type  : Slow 1200mV 85C Model Hold 'MAX10_CLK2_50'
Slack : 0.645
TNS   : 0.000

Type  : Slow 1200mV 85C Model Recovery 'pll|altpll_component|auto_generated|pll1|clk[0]'
Slack : -7.988
TNS   : -169.826

Type  : Slow 1200mV 85C Model Recovery 'PP|altpll_component|auto_generated|pll1|clk[0]'
Slack : -7.643
TNS   : -198.285

Type  : Slow 1200mV 85C Model Recovery 'madc|u0|altpll_sys|sd1|pll7|clk[0]'
Slack : 17.603
TNS   : 0.000

Type  : Slow 1200mV 85C Model Recovery 'altera_reserved_tck'
Slack : 97.754
TNS   : 0.000

Type  : Slow 1200mV 85C Model Removal 'altera_reserved_tck'
Slack : 0.913
TNS   : 0.000

Type  : Slow 1200mV 85C Model Removal 'madc|u0|altpll_sys|sd1|pll7|clk[0]'
Slack : 0.934
TNS   : 0.000

Type  : Slow 1200mV 85C Model Removal 'pll|altpll_component|auto_generated|pll1|clk[0]'
Slack : 5.928
TNS   : 0.000

Type  : Slow 1200mV 85C Model Removal 'PP|altpll_component|auto_generated|pll1|clk[0]'
Slack : 6.047
TNS   : 0.000

Type  : Slow 1200mV 85C Model Minimum Pulse Width 'MAX10_CLK1_50'
Slack : 9.638
TNS   : 0.000

Type  : Slow 1200mV 85C Model Minimum Pulse Width 'MAX10_CLK2_50'
Slack : 9.638
TNS   : 0.000

Type  : Slow 1200mV 85C Model Minimum Pulse Width 'madc|u0|altpll_sys|sd1|pll7|clk[0]'
Slack : 9.892
TNS   : 0.000

Type  : Slow 1200mV 85C Model Minimum Pulse Width 'pll|altpll_component|auto_generated|pll1|clk[0]'
Slack : 9.902
TNS   : 0.000

Type  : Slow 1200mV 85C Model Minimum Pulse Width 'MAX10_CLK3_50'
Slack : 9.944
TNS   : 0.000

Type  : Slow 1200mV 85C Model Minimum Pulse Width 'PP|altpll_component|auto_generated|pll1|clk[0]'
Slack : 14.863
TNS   : 0.000

Type  : Slow 1200mV 85C Model Minimum Pulse Width 'madc|u0|altpll_sys|sd1|pll7|clk[1]'
Slack : 45.444
TNS   : 0.000

Type  : Slow 1200mV 85C Model Minimum Pulse Width 'altera_reserved_tck'
Slack : 49.540
TNS   : 0.000

Type  : Slow 1200mV 85C Model Minimum Pulse Width 'ADC_CLK_10'
Slack : 96.000
TNS   : 0.000

Type  : Slow 1200mV 0C Model Setup 'madc|u0|altpll_sys|sd1|pll7|clk[0]'
Slack : -10.046
TNS   : -70.805

Type  : Slow 1200mV 0C Model Setup 'pll|altpll_component|auto_generated|pll1|clk[0]'
Slack : -6.434
TNS   : -210.485

Type  : Slow 1200mV 0C Model Setup 'MAX10_CLK1_50'
Slack : 15.229
TNS   : 0.000

Type  : Slow 1200mV 0C Model Setup 'MAX10_CLK2_50'
Slack : 15.819
TNS   : 0.000

Type  : Slow 1200mV 0C Model Setup 'PP|altpll_component|auto_generated|pll1|clk[0]'
Slack : 26.121
TNS   : 0.000

Type  : Slow 1200mV 0C Model Setup 'altera_reserved_tck'
Slack : 45.745
TNS   : 0.000

Type  : Slow 1200mV 0C Model Hold 'altera_reserved_tck'
Slack : 0.278
TNS   : 0.000

Type  : Slow 1200mV 0C Model Hold 'pll|altpll_component|auto_generated|pll1|clk[0]'
Slack : 0.296
TNS   : 0.000

Type  : Slow 1200mV 0C Model Hold 'PP|altpll_component|auto_generated|pll1|clk[0]'
Slack : 0.308
TNS   : 0.000

Type  : Slow 1200mV 0C Model Hold 'madc|u0|altpll_sys|sd1|pll7|clk[0]'
Slack : 0.312
TNS   : 0.000

Type  : Slow 1200mV 0C Model Hold 'MAX10_CLK1_50'
Slack : 0.589
TNS   : 0.000

Type  : Slow 1200mV 0C Model Hold 'MAX10_CLK2_50'
Slack : 0.597
TNS   : 0.000

Type  : Slow 1200mV 0C Model Recovery 'pll|altpll_component|auto_generated|pll1|clk[0]'
Slack : -6.983
TNS   : -148.204

Type  : Slow 1200mV 0C Model Recovery 'PP|altpll_component|auto_generated|pll1|clk[0]'
Slack : -6.609
TNS   : -171.401

Type  : Slow 1200mV 0C Model Recovery 'madc|u0|altpll_sys|sd1|pll7|clk[0]'
Slack : 17.786
TNS   : 0.000

Type  : Slow 1200mV 0C Model Recovery 'altera_reserved_tck'
Slack : 97.962
TNS   : 0.000

Type  : Slow 1200mV 0C Model Removal 'altera_reserved_tck'
Slack : 0.835
TNS   : 0.000

Type  : Slow 1200mV 0C Model Removal 'madc|u0|altpll_sys|sd1|pll7|clk[0]'
Slack : 0.860
TNS   : 0.000

Type  : Slow 1200mV 0C Model Removal 'pll|altpll_component|auto_generated|pll1|clk[0]'
Slack : 5.150
TNS   : 0.000

Type  : Slow 1200mV 0C Model Removal 'PP|altpll_component|auto_generated|pll1|clk[0]'
Slack : 5.225
TNS   : 0.000

Type  : Slow 1200mV 0C Model Minimum Pulse Width 'MAX10_CLK2_50'
Slack : 9.588
TNS   : 0.000

Type  : Slow 1200mV 0C Model Minimum Pulse Width 'MAX10_CLK1_50'
Slack : 9.642
TNS   : 0.000

Type  : Slow 1200mV 0C Model Minimum Pulse Width 'madc|u0|altpll_sys|sd1|pll7|clk[0]'
Slack : 9.866
TNS   : 0.000

Type  : Slow 1200mV 0C Model Minimum Pulse Width 'pll|altpll_component|auto_generated|pll1|clk[0]'
Slack : 9.877
TNS   : 0.000

Type  : Slow 1200mV 0C Model Minimum Pulse Width 'MAX10_CLK3_50'
Slack : 9.930
TNS   : 0.000

Type  : Slow 1200mV 0C Model Minimum Pulse Width 'PP|altpll_component|auto_generated|pll1|clk[0]'
Slack : 14.855
TNS   : 0.000

Type  : Slow 1200mV 0C Model Minimum Pulse Width 'madc|u0|altpll_sys|sd1|pll7|clk[1]'
Slack : 45.500
TNS   : 0.000

Type  : Slow 1200mV 0C Model Minimum Pulse Width 'altera_reserved_tck'
Slack : 49.550
TNS   : 0.000

Type  : Slow 1200mV 0C Model Minimum Pulse Width 'ADC_CLK_10'
Slack : 96.000
TNS   : 0.000

Type  : Fast 1200mV 0C Model Setup 'madc|u0|altpll_sys|sd1|pll7|clk[0]'
Slack : -3.814
TNS   : -29.786

Type  : Fast 1200mV 0C Model Setup 'pll|altpll_component|auto_generated|pll1|clk[0]'
Slack : -3.260
TNS   : -107.680

Type  : Fast 1200mV 0C Model Setup 'MAX10_CLK1_50'
Slack : 17.571
TNS   : 0.000

Type  : Fast 1200mV 0C Model Setup 'MAX10_CLK2_50'
Slack : 18.058
TNS   : 0.000

Type  : Fast 1200mV 0C Model Setup 'PP|altpll_component|auto_generated|pll1|clk[0]'
Slack : 28.252
TNS   : 0.000

Type  : Fast 1200mV 0C Model Setup 'altera_reserved_tck'
Slack : 48.241
TNS   : 0.000

Type  : Fast 1200mV 0C Model Hold 'altera_reserved_tck'
Slack : 0.104
TNS   : 0.000

Type  : Fast 1200mV 0C Model Hold 'pll|altpll_component|auto_generated|pll1|clk[0]'
Slack : 0.144
TNS   : 0.000

Type  : Fast 1200mV 0C Model Hold 'PP|altpll_component|auto_generated|pll1|clk[0]'
Slack : 0.150
TNS   : 0.000

Type  : Fast 1200mV 0C Model Hold 'madc|u0|altpll_sys|sd1|pll7|clk[0]'
Slack : 0.152
TNS   : 0.000

Type  : Fast 1200mV 0C Model Hold 'MAX10_CLK1_50'
Slack : 0.245
TNS   : 0.000

Type  : Fast 1200mV 0C Model Hold 'MAX10_CLK2_50'
Slack : 0.250
TNS   : 0.000

Type  : Fast 1200mV 0C Model Recovery 'pll|altpll_component|auto_generated|pll1|clk[0]'
Slack : -3.806
TNS   : -81.196

Type  : Fast 1200mV 0C Model Recovery 'PP|altpll_component|auto_generated|pll1|clk[0]'
Slack : -3.290
TNS   : -85.356

Type  : Fast 1200mV 0C Model Recovery 'madc|u0|altpll_sys|sd1|pll7|clk[0]'
Slack : 19.036
TNS   : 0.000

Type  : Fast 1200mV 0C Model Recovery 'altera_reserved_tck'
Slack : 98.980
TNS   : 0.000

Type  : Fast 1200mV 0C Model Removal 'madc|u0|altpll_sys|sd1|pll7|clk[0]'
Slack : 0.407
TNS   : 0.000

Type  : Fast 1200mV 0C Model Removal 'altera_reserved_tck'
Slack : 0.409
TNS   : 0.000

Type  : Fast 1200mV 0C Model Removal 'PP|altpll_component|auto_generated|pll1|clk[0]'
Slack : 2.634
TNS   : 0.000

Type  : Fast 1200mV 0C Model Removal 'pll|altpll_component|auto_generated|pll1|clk[0]'
Slack : 2.689
TNS   : 0.000

Type  : Fast 1200mV 0C Model Minimum Pulse Width 'MAX10_CLK2_50'
Slack : 9.330
TNS   : 0.000

Type  : Fast 1200mV 0C Model Minimum Pulse Width 'MAX10_CLK1_50'
Slack : 9.331
TNS   : 0.000

Type  : Fast 1200mV 0C Model Minimum Pulse Width 'pll|altpll_component|auto_generated|pll1|clk[0]'
Slack : 9.924
TNS   : 0.000

Type  : Fast 1200mV 0C Model Minimum Pulse Width 'madc|u0|altpll_sys|sd1|pll7|clk[0]'
Slack : 9.925
TNS   : 0.000

Type  : Fast 1200mV 0C Model Minimum Pulse Width 'MAX10_CLK3_50'
Slack : 9.974
TNS   : 0.000

Type  : Fast 1200mV 0C Model Minimum Pulse Width 'PP|altpll_component|auto_generated|pll1|clk[0]'
Slack : 14.876
TNS   : 0.000

Type  : Fast 1200mV 0C Model Minimum Pulse Width 'madc|u0|altpll_sys|sd1|pll7|clk[1]'
Slack : 45.772
TNS   : 0.000

Type  : Fast 1200mV 0C Model Minimum Pulse Width 'altera_reserved_tck'
Slack : 49.393
TNS   : 0.000

Type  : Fast 1200mV 0C Model Minimum Pulse Width 'ADC_CLK_10'
Slack : 96.000
TNS   : 0.000

------------------------------------------------------------
