------------------------------------------------------------
TimeQuest Timing Analyzer Summary
------------------------------------------------------------

Type  : Slow 1200mV 85C Model Setup 'clockyclock|altpll_component|auto_generated|pll1|clk[0]'
Slack : 9.317
TNS   : 0.000

Type  : Slow 1200mV 85C Model Setup 'MAX10_CLK2_50'
Slack : 13.895
TNS   : 0.000

Type  : Slow 1200mV 85C Model Setup 'MAX10_CLK1_50'
Slack : 15.426
TNS   : 0.000

Type  : Slow 1200mV 85C Model Hold 'clockyclock|altpll_component|auto_generated|pll1|clk[0]'
Slack : 0.339
TNS   : 0.000

Type  : Slow 1200mV 85C Model Hold 'MAX10_CLK2_50'
Slack : 0.341
TNS   : 0.000

Type  : Slow 1200mV 85C Model Hold 'MAX10_CLK1_50'
Slack : 0.342
TNS   : 0.000

Type  : Slow 1200mV 85C Model Recovery 'clockyclock|altpll_component|auto_generated|pll1|clk[0]'
Slack : 15.157
TNS   : 0.000

Type  : Slow 1200mV 85C Model Recovery 'MAX10_CLK2_50'
Slack : 17.135
TNS   : 0.000

Type  : Slow 1200mV 85C Model Removal 'clockyclock|altpll_component|auto_generated|pll1|clk[0]'
Slack : 0.601
TNS   : 0.000

Type  : Slow 1200mV 85C Model Removal 'MAX10_CLK2_50'
Slack : 0.928
TNS   : 0.000

Type  : Slow 1200mV 85C Model Minimum Pulse Width 'MAX10_CLK2_50'
Slack : 9.638
TNS   : 0.000

Type  : Slow 1200mV 85C Model Minimum Pulse Width 'MAX10_CLK1_50'
Slack : 9.680
TNS   : 0.000

Type  : Slow 1200mV 85C Model Minimum Pulse Width 'clockyclock|altpll_component|auto_generated|pll1|clk[0]'
Slack : 19.555
TNS   : 0.000

Type  : Slow 1200mV 85C Model Minimum Pulse Width 'adc1|adc_pll_inst|altpll_component|auto_generated|pll1|clk[0]'
Slack : 44.575
TNS   : 0.000

Type  : Slow 1200mV 0C Model Setup 'clockyclock|altpll_component|auto_generated|pll1|clk[0]'
Slack : 10.474
TNS   : 0.000

Type  : Slow 1200mV 0C Model Setup 'MAX10_CLK2_50'
Slack : 14.358
TNS   : 0.000

Type  : Slow 1200mV 0C Model Setup 'MAX10_CLK1_50'
Slack : 15.706
TNS   : 0.000

Type  : Slow 1200mV 0C Model Hold 'clockyclock|altpll_component|auto_generated|pll1|clk[0]'
Slack : 0.305
TNS   : 0.000

Type  : Slow 1200mV 0C Model Hold 'MAX10_CLK2_50'
Slack : 0.306
TNS   : 0.000

Type  : Slow 1200mV 0C Model Hold 'MAX10_CLK1_50'
Slack : 0.307
TNS   : 0.000

Type  : Slow 1200mV 0C Model Recovery 'clockyclock|altpll_component|auto_generated|pll1|clk[0]'
Slack : 15.721
TNS   : 0.000

Type  : Slow 1200mV 0C Model Recovery 'MAX10_CLK2_50'
Slack : 17.327
TNS   : 0.000

Type  : Slow 1200mV 0C Model Removal 'clockyclock|altpll_component|auto_generated|pll1|clk[0]'
Slack : 0.390
TNS   : 0.000

Type  : Slow 1200mV 0C Model Removal 'MAX10_CLK2_50'
Slack : 0.854
TNS   : 0.000

Type  : Slow 1200mV 0C Model Minimum Pulse Width 'MAX10_CLK2_50'
Slack : 9.648
TNS   : 0.000

Type  : Slow 1200mV 0C Model Minimum Pulse Width 'MAX10_CLK1_50'
Slack : 9.683
TNS   : 0.000

Type  : Slow 1200mV 0C Model Minimum Pulse Width 'clockyclock|altpll_component|auto_generated|pll1|clk[0]'
Slack : 19.645
TNS   : 0.000

Type  : Slow 1200mV 0C Model Minimum Pulse Width 'adc1|adc_pll_inst|altpll_component|auto_generated|pll1|clk[0]'
Slack : 44.631
TNS   : 0.000

Type  : Fast 1200mV 0C Model Setup 'clockyclock|altpll_component|auto_generated|pll1|clk[0]'
Slack : 15.284
TNS   : 0.000

Type  : Fast 1200mV 0C Model Setup 'MAX10_CLK2_50'
Slack : 17.229
TNS   : 0.000

Type  : Fast 1200mV 0C Model Setup 'MAX10_CLK1_50'
Slack : 18.052
TNS   : 0.000

Type  : Fast 1200mV 0C Model Hold 'clockyclock|altpll_component|auto_generated|pll1|clk[0]'
Slack : 0.036
TNS   : 0.000

Type  : Fast 1200mV 0C Model Hold 'MAX10_CLK2_50'
Slack : 0.148
TNS   : 0.000

Type  : Fast 1200mV 0C Model Hold 'MAX10_CLK1_50'
Slack : 0.149
TNS   : 0.000

Type  : Fast 1200mV 0C Model Recovery 'clockyclock|altpll_component|auto_generated|pll1|clk[0]'
Slack : 17.776
TNS   : 0.000

Type  : Fast 1200mV 0C Model Recovery 'MAX10_CLK2_50'
Slack : 18.584
TNS   : 0.000

Type  : Fast 1200mV 0C Model Removal 'clockyclock|altpll_component|auto_generated|pll1|clk[0]'
Slack : -0.119
TNS   : -0.342

Type  : Fast 1200mV 0C Model Removal 'MAX10_CLK2_50'
Slack : 0.403
TNS   : 0.000

Type  : Fast 1200mV 0C Model Minimum Pulse Width 'MAX10_CLK2_50'
Slack : 9.223
TNS   : 0.000

Type  : Fast 1200mV 0C Model Minimum Pulse Width 'MAX10_CLK1_50'
Slack : 9.338
TNS   : 0.000

Type  : Fast 1200mV 0C Model Minimum Pulse Width 'clockyclock|altpll_component|auto_generated|pll1|clk[0]'
Slack : 19.553
TNS   : 0.000

Type  : Fast 1200mV 0C Model Minimum Pulse Width 'adc1|adc_pll_inst|altpll_component|auto_generated|pll1|clk[0]'
Slack : 44.903
TNS   : 0.000

------------------------------------------------------------
